// Jest Snapshot v1, https://goo.gl/fbAQLP

exports[`Should render LoadingPage correctly 1`] = `
<div
  className="spinner"
>
  <img
    className="spinner__image"
    src="/media/spinner.gif"
  />
</div>
`;
